$ /home/yiannis/side/py-videocore7/.venv/bin/python examples/minmax.py --num-qpus 1
length: 4194304 scalar values
repeat: 5
dtypes: fp32, int32, int16

==== fp32 elementwise min/max (4.0 Mi elements, 1 QPU) ====
numpy:     0.004480 sec, 10.462 GiB/s
torch:     0.007063 sec, 6.637 GiB/s
Traceback (most recent call last):
  File "/home/yiannis/side/py-videocore7/examples/minmax.py", line 604, in <module>
    main()
  File "/home/yiannis/side/py-videocore7/examples/minmax.py", line 591, in main
    run_dtype_benchmarks(
  File "/home/yiannis/side/py-videocore7/examples/minmax.py", line 531, in run_dtype_benchmarks
    with Driver(data_area_size=required_data_area_size(config, length)) as drv:
         ^^^^^^^^^^^^^^^^^^^^^^^^^^^^^^^^^^^^^^^^^^^^^^^^^^^^^^^^^^^^^^
  File "/home/yiannis/side/py-videocore7/src/_videocore7/driver.py", line 229, in __init__
    raise e
  File "/home/yiannis/side/py-videocore7/src/_videocore7/driver.py", line 221, in __init__
    self._drm = DRM_V3D()
                ^^^^^^^^^
  File "/home/yiannis/side/py-videocore7/src/_videocore7/drm_v3d.py", line 53, in __init__
    self._fd = os.open(path, os.O_RDWR)
               ^^^^^^^^^^^^^^^^^^^^^^^^
FileNotFoundError: [Errno 2] No such file or directory: '/dev/dri/by-path/platform-1002000000.v3d-card'
