$ ./.venv/bin/python examples/sgemm_batched_small.py

==== small batched sgemm (128x128, batch=1) ====
numpy:        0.0003 sec, 16.5798 Gflop/s
torch:        0.0074 sec, 0.5715 Gflop/s
QPU generic:  0.0003 sec, 14.5955 Gflop/s (median of 5)
QPU small:    0.0003 sec, 14.6020 Gflop/s (median of 5)
Generic max abs error: 1.52587890625e-05
Small max abs error:   1.52587890625e-05

==== small batched sgemm (128x128, batch=2) ====
numpy:        0.0003 sec, 26.8765 Gflop/s
torch:        0.0131 sec, 0.6492 Gflop/s
QPU generic:  0.0005 sec, 17.3060 Gflop/s (median of 5)
QPU small:    0.0005 sec, 17.3795 Gflop/s (median of 5)
Generic max abs error: 1.52587890625e-05
Small max abs error:   1.52587890625e-05

==== small batched sgemm (128x128, batch=4) ====
numpy:        0.0004 sec, 39.2546 Gflop/s
torch:        0.0386 sec, 0.4402 Gflop/s
QPU generic:  0.0009 sec, 18.6051 Gflop/s (median of 5)
QPU small:    0.0009 sec, 18.6406 Gflop/s (median of 5)
Generic max abs error: 1.9073486328125e-05
Small max abs error:   1.9073486328125e-05

==== small batched sgemm (128x128, batch=8) ====
numpy:        0.0009 sec, 37.5477 Gflop/s
torch:        0.0518 sec, 0.6556 Gflop/s
QPU generic:  0.0017 sec, 19.6912 Gflop/s (median of 5)
QPU small:    0.0017 sec, 19.7330 Gflop/s (median of 5)
Generic max abs error: 2.09808349609375e-05
Small max abs error:   2.09808349609375e-05

==== small batched sgemm (128x128, batch=16) ====
numpy:        0.0018 sec, 37.8044 Gflop/s
torch:        0.0681 sec, 0.9976 Gflop/s
QPU generic:  0.0034 sec, 20.1605 Gflop/s (median of 5)
QPU small:    0.0034 sec, 20.1475 Gflop/s (median of 5)
Generic max abs error: 2.288818359375e-05
Small max abs error:   2.288818359375e-05

==== small batched sgemm (256x256, batch=1) ====
numpy:        0.0012 sec, 27.9970 Gflop/s
torch:        0.0077 sec, 4.4021 Gflop/s
QPU generic:  0.0017 sec, 20.3347 Gflop/s (median of 5)
QPU small:    0.0017 sec, 20.3756 Gflop/s (median of 5)
Generic max abs error: 3.0517578125e-05
Small max abs error:   3.0517578125e-05

==== small batched sgemm (256x256, batch=2) ====
numpy:        0.0016 sec, 41.7825 Gflop/s
torch:        0.0103 sec, 6.5673 Gflop/s
QPU generic:  0.0032 sec, 21.2164 Gflop/s (median of 5)
QPU small:    0.0032 sec, 21.2545 Gflop/s (median of 5)
Generic max abs error: 3.0517578125e-05
Small max abs error:   3.0517578125e-05

==== small batched sgemm (256x256, batch=4) ====
numpy:        0.0104 sec, 12.9880 Gflop/s
torch:        0.0178 sec, 7.5815 Gflop/s
QPU generic:  0.0063 sec, 21.5002 Gflop/s (median of 5)
QPU small:    0.0063 sec, 21.4917 Gflop/s (median of 5)
Generic max abs error: 3.0517578125e-05
Small max abs error:   3.0517578125e-05

==== small batched sgemm (256x256, batch=8) ====
numpy:        0.0057 sec, 47.4785 Gflop/s
torch:        0.0281 sec, 9.6256 Gflop/s
QPU generic:  0.0124 sec, 21.7430 Gflop/s (median of 5)
QPU small:    0.0124 sec, 21.7262 Gflop/s (median of 5)
Generic max abs error: 4.57763671875e-05
Small max abs error:   4.57763671875e-05

==== small batched sgemm (256x256, batch=16) ====
numpy:        0.0104 sec, 51.9377 Gflop/s
torch:        0.0934 sec, 5.7813 Gflop/s
QPU generic:  0.0248 sec, 21.8099 Gflop/s (median of 5)
QPU small:    0.0248 sec, 21.8095 Gflop/s (median of 5)
Generic max abs error: 3.814697265625e-05
Small max abs error:   3.814697265625e-05

==== small batched sgemm summary ====
  size  batch   numpy GF/s   torch GF/s   generic GF/s   small GF/s   speedup
   128      1      16.5798       0.5715        14.5955      14.6020     1.000x
   128      2      26.8765       0.6492        17.3060      17.3795     1.004x
   128      4      39.2546       0.4402        18.6051      18.6406     1.002x
   128      8      37.5477       0.6556        19.6912      19.7330     1.002x
   128     16      37.8044       0.9976        20.1605      20.1475     0.999x
   256      1      27.9970       4.4021        20.3347      20.3756     1.002x
   256      2      41.7825       6.5673        21.2164      21.2545     1.002x
   256      4      12.9880       7.5815        21.5002      21.4917     1.000x
   256      8      47.4785       9.6256        21.7430      21.7262     0.999x
   256     16      51.9377       5.7813        21.8099      21.8095     1.000x
