$ ./.venv/bin/python examples/sgemm.py

==== sgemm example (256x256 times 256x256) ====
numpy: 0.0025 sec, 13.6165 Gflop/s
torch: 0.0158 sec, 2.1427 Gflop/s
QPU:   0.0089 sec, 3.8113 Gflop/s
Minimum absolute error: 0.0
Maximum absolute error: 3.0517578125e-05
Minimum relative error: 0.0
Maximum relative error: 0.0011172184022143483

==== sgemm example (512x512 times 512x512) ====
numpy: 0.0055 sec, 49.3853 Gflop/s
torch: 0.0183 sec, 14.7345 Gflop/s
QPU:   0.0122 sec, 21.9810 Gflop/s
Minimum absolute error: 0.0
Maximum absolute error: 0.000213623046875
Minimum relative error: 0.0
Maximum relative error: 0.03550152853131294

==== sgemm example (768x768 times 768x768) ====
numpy: 0.0263 sec, 34.5323 Gflop/s
torch: 0.0463 sec, 19.6037 Gflop/s
QPU:   0.0437 sec, 20.7486 Gflop/s
Minimum absolute error: 0.0
Maximum absolute error: 0.000274658203125
Minimum relative error: 0.0
Maximum relative error: 0.27587637305259705

==== sgemm example (1024x1024 times 1024x1024) ====
numpy: 0.0389 sec, 55.2152 Gflop/s
torch: 0.0770 sec, 27.9448 Gflop/s
QPU:   0.0984 sec, 21.8458 Gflop/s
Minimum absolute error: 0.0
Maximum absolute error: 0.0003814697265625
Minimum relative error: 0.0
Maximum relative error: 0.13134673237800598

==== sgemm example (1536x1536 times 1536x1536) ====
numpy: 0.1233 sec, 58.8561 Gflop/s
torch: 0.1138 sec, 63.7307 Gflop/s
QPU:   0.3212 sec, 22.5863 Gflop/s
Minimum absolute error: 0.0
Maximum absolute error: 0.0006103515625
Minimum relative error: 0.0
Maximum relative error: 0.8635724186897278

==== sgemm example (2048x2048 times 2048x2048) ====
numpy: 0.2386 sec, 72.0427 Gflop/s
torch: 0.2086 sec, 82.4305 Gflop/s
QPU:   0.7566 sec, 22.7247 Gflop/s
Minimum absolute error: 0.0
Maximum absolute error: 0.000946044921875
Minimum relative error: 0.0
Maximum relative error: 1.2334802150726318

==== sgemm size sweep summary ====
  size   numpy GF/s   torch GF/s     QPU GF/s    QPU sec    max abs err
   256      13.6165       2.1427       3.8113     0.0089    3.05176e-05
   512      49.3853      14.7345      21.9810     0.0122    0.000213623
   768      34.5323      19.6037      20.7486     0.0437    0.000274658
  1024      55.2152      27.9448      21.8458     0.0984     0.00038147
  1536      58.8561      63.7307      22.5863     0.3212    0.000610352
  2048      72.0427      82.4305      22.7247     0.7566    0.000946045


==== batched sgemm sweep for size 128 ====
==== batched sgemm example (single dispatch, batch=1, 128x128 times 128x128) ====
numpy: 0.0071 sec, 0.6008 Gflop/s
torch: 0.0044 sec, 0.9720 Gflop/s
QPU:   0.0079 sec, 0.5370 Gflop/s
Maximum absolute error: 1.52587890625e-05
Maximum relative error: 0.002464303746819496

==== batched sgemm example (single dispatch, batch=2, 128x128 times 128x128) ====
numpy: 0.0002 sec, 35.1133 Gflop/s
torch: 0.0180 sec, 0.4715 Gflop/s
QPU:   0.0006 sec, 15.0642 Gflop/s
Maximum absolute error: 1.52587890625e-05
Maximum relative error: 0.006951251998543739

==== batched sgemm example (single dispatch, batch=4, 128x128 times 128x128) ====
numpy: 0.0004 sec, 39.7811 Gflop/s
torch: 0.0196 sec, 0.8673 Gflop/s
QPU:   0.0010 sec, 17.0441 Gflop/s
Maximum absolute error: 1.9073486328125e-05
Maximum relative error: 0.014575052075088024

==== batched sgemm example (single dispatch, batch=8, 128x128 times 128x128) ====
numpy: 0.0008 sec, 43.6974 Gflop/s
torch: 0.0337 sec, 1.0060 Gflop/s
QPU:   0.0018 sec, 18.8155 Gflop/s
Maximum absolute error: 2.09808349609375e-05
Maximum relative error: 0.006641312502324581

==== batched sgemm example (single dispatch, batch=16, 128x128 times 128x128) ====
numpy: 0.0015 sec, 46.3583 Gflop/s
torch: 0.0701 sec, 0.9681 Gflop/s
QPU:   0.0035 sec, 19.6221 Gflop/s
Maximum absolute error: 2.288818359375e-05
Maximum relative error: 0.009712837636470795

==== batched sgemm example (single dispatch, batch=32, 128x128 times 128x128) ====
numpy: 0.0030 sec, 45.8823 Gflop/s
torch: 0.0942 sec, 1.4416 Gflop/s
QPU:   0.0103 sec, 13.2017 Gflop/s
Maximum absolute error: 2.288818359375e-05
Maximum relative error: 0.008726857602596283


==== batched sgemm sweep for size 256 ====
==== batched sgemm example (single dispatch, batch=1, 256x256 times 256x256) ====
numpy: 0.0010 sec, 34.4995 Gflop/s
torch: 0.0145 sec, 2.3309 Gflop/s
QPU:   0.0034 sec, 9.9763 Gflop/s
Maximum absolute error: 3.0517578125e-05
Maximum relative error: 0.0011172184022143483

==== batched sgemm example (single dispatch, batch=2, 256x256 times 256x256) ====
numpy: 0.0016 sec, 43.1466 Gflop/s
torch: 0.0234 sec, 2.8796 Gflop/s
QPU:   0.0035 sec, 19.0538 Gflop/s
Maximum absolute error: 3.0517578125e-05
Maximum relative error: 0.008327480405569077

==== batched sgemm example (single dispatch, batch=4, 256x256 times 256x256) ====
numpy: 0.0029 sec, 46.2064 Gflop/s
torch: 0.0490 sec, 2.7529 Gflop/s
QPU:   0.0064 sec, 21.1547 Gflop/s
Maximum absolute error: 3.0517578125e-05
Maximum relative error: 0.025523560121655464

==== batched sgemm example (single dispatch, batch=8, 256x256 times 256x256) ====
numpy: 0.0053 sec, 50.5762 Gflop/s
torch: 0.0827 sec, 3.2650 Gflop/s
QPU:   0.0160 sec, 16.8570 Gflop/s
Maximum absolute error: 4.57763671875e-05
Maximum relative error: 0.028870169073343277

==== batched sgemm example (single dispatch, batch=16, 256x256 times 256x256) ====
numpy: 0.0097 sec, 55.6707 Gflop/s
torch: 0.0932 sec, 5.7917 Gflop/s
QPU:   0.0283 sec, 19.0516 Gflop/s
Maximum absolute error: 3.814697265625e-05
Maximum relative error: 0.2634722590446472

==== batched sgemm example (single dispatch, batch=32, 256x256 times 256x256) ====
numpy: 0.0200 sec, 53.9805 Gflop/s
torch: 0.0974 sec, 11.0840 Gflop/s
QPU:   0.0530 sec, 20.3879 Gflop/s
Maximum absolute error: 3.814697265625e-05
Maximum relative error: 0.3252525329589844


==== batched sgemm sweep for size 512 ====
==== batched sgemm example (single dispatch, batch=1, 512x512 times 512x512) ====
numpy: 0.0054 sec, 49.9395 Gflop/s
torch: 0.0206 sec, 13.0970 Gflop/s
QPU:   0.0157 sec, 17.0991 Gflop/s
Maximum absolute error: 0.000213623046875
Maximum relative error: 0.03550152853131294

==== batched sgemm example (single dispatch, batch=2, 512x512 times 512x512) ====
numpy: 0.0099 sec, 54.5839 Gflop/s
torch: 0.0374 sec, 14.3856 Gflop/s
QPU:   0.0277 sec, 19.4585 Gflop/s
Maximum absolute error: 0.0002288818359375
Maximum relative error: 0.0660446435213089

==== batched sgemm example (single dispatch, batch=4, 512x512 times 512x512) ====
numpy: 0.0201 sec, 53.6648 Gflop/s
torch: 0.0682 sec, 15.7792 Gflop/s
QPU:   0.0517 sec, 20.8148 Gflop/s
Maximum absolute error: 0.0002288818359375
Maximum relative error: 0.23399999737739563

==== batched sgemm example (single dispatch, batch=8, 512x512 times 512x512) ====
numpy: 0.0380 sec, 56.6193 Gflop/s
torch: 0.1001 sec, 21.5248 Gflop/s
QPU:   0.0996 sec, 21.6311 Gflop/s
Maximum absolute error: 0.000213623046875
Maximum relative error: 0.16008254885673523

==== batched sgemm example (single dispatch, batch=16, 512x512 times 512x512) ====
numpy: 0.0910 sec, 47.3152 Gflop/s
torch: 0.1419 sec, 30.3525 Gflop/s
QPU:   0.1954 sec, 22.0418 Gflop/s
Maximum absolute error: 0.000213623046875
Maximum relative error: 0.9901960492134094

==== batched sgemm example (single dispatch, batch=32, 512x512 times 512x512) ====
numpy: 0.1685 sec, 51.1246 Gflop/s
torch: 0.2027 sec, 42.4918 Gflop/s
QPU:   0.3871 sec, 22.2576 Gflop/s
Maximum absolute error: 0.000244140625
Maximum relative error: 7.319149017333984

==== batched sgemm summary ====
  size  batch   numpy GF/s   torch GF/s     QPU GF/s    QPU sec
   128      1       0.6008       0.9720       0.5370     0.0079
   128      2      35.1133       0.4715      15.0642     0.0006
   128      4      39.7811       0.8673      17.0441     0.0010
   128      8      43.6974       1.0060      18.8155     0.0018
   128     16      46.3583       0.9681      19.6221     0.0035
   128     32      45.8823       1.4416      13.2017     0.0103
   256      1      34.4995       2.3309       9.9763     0.0034
   256      2      43.1466       2.8796      19.0538     0.0035
   256      4      46.2064       2.7529      21.1547     0.0064
   256      8      50.5762       3.2650      16.8570     0.0160
   256     16      55.6707       5.7917      19.0516     0.0283
   256     32      53.9805      11.0840      20.3879     0.0530
   512      1      49.9395      13.0970      17.0991     0.0157
   512      2      54.5839      14.3856      19.4585     0.0277
   512      4      53.6648      15.7792      20.8148     0.0517
   512      8      56.6193      21.5248      21.6311     0.0996
   512     16      47.3152      30.3525      22.0418     0.1954
   512     32      51.1246      42.4918      22.2576     0.3871
