$ ./.venv/bin/python examples/sgemm_fast.py
==== fast sgemm example (1024x1024 times 1024x1024) ====
numpy: 0.0387 sec, 55.5067 Gflop/s
torch: 0.0662 sec, 32.4942 Gflop/s
QPU naive: 0.0991 sec, 21.7055 Gflop/s
QPU fast payload:    0.0948 sec, 22.6778 Gflop/s
QPU fast qpu-aware:  0.0974 sec, 22.0796 Gflop/s
Speedup over naive: 1.045x
Naive NaN count: 0
Naive Inf count: 0
Naive minimum absolute error: 0.0
Naive maximum absolute error: 0.0003814697265625
Naive minimum relative error: 0.0
Naive maximum relative error: 0.13134673237800598
Fast payload NaN count: 256
Fast payload Inf count: 151
Fast payload minimum absolute error: 0.00018310546875
Fast payload maximum absolute error: inf
Fast payload minimum relative error: 2.2590065782424062e-06
Fast payload maximum relative error: inf
Fast qpu-aware NaN count: 576
Fast qpu-aware Inf count: 281
Fast qpu-aware minimum absolute error: 0.0002455711364746094
Fast qpu-aware maximum absolute error: inf
Fast qpu-aware minimum relative error: 5.663597221428063e-06
Fast qpu-aware maximum relative error: inf
