$ ./.venv/bin/python examples/tiledlenet5.py --num-qpus 1
==== LeNet-5 fp32 example ====
Architecture: Conv5x5(1->6) -> ReLU -> AvgPool -> Conv5x5(6->16) -> ReLU -> AvgPool -> Linear(400->120) -> ReLU -> Linear(120->84) -> ReLU -> Linear(84->10)
Batch: 48, num_qpus: 1
QPU steady-state layout: on-device gather lowering -> position-major matrices -> zero-copy flatten -> FC.
Steady-state CPU compute in the QPU path: none.
Excluded one-time CPU setup: weight reshape/padding, metadata generation, kernel assembly, buffer allocation.
QPU setup (excluded): 0.5602 sec
numpy: 0.0190 sec, 2.1565 Gop/s
torch native lenet5: 0.0036 sec, 11.2983 Gop/s
QPU host prep: 0.0000 sec
QPU cached total: 0.0316 sec, 1.2937 Gop/s
QPU execute only: 0.0315 sec, 1.2971 Gop/s
QPU prep+cached total: 0.0316 sec, 1.2937 Gop/s
QPU upload+readback overhead inside cached total: 0.0001 sec
Maximum absolute error: 0.00128173828125
QPU execute breakdown:
  conv1 gather             0.012182 sec
  conv1 gemm+bias+relu     0.003690 sec
  pool1 avgpool            0.003575 sec
  conv2 gather             0.009466 sec
  conv2 gemm+bias+relu     0.001431 sec
  pool2 avgpool            0.000485 sec
  fc1 gemm+bias+relu       0.000347 sec
  fc2 gemm+bias+relu       0.000191 sec
  fc3 gemm+bias            0.000138 sec


==== LeNet-5 int32 example ====
Architecture: Conv5x5(1->6) -> ReLU -> AvgPool -> Conv5x5(6->16) -> ReLU -> AvgPool -> Linear(400->120) -> ReLU -> Linear(120->84) -> ReLU -> Linear(84->10)
Batch: 48, num_qpus: 1
QPU steady-state layout: on-device gather lowering -> position-major matrices -> zero-copy flatten -> FC.
Steady-state CPU compute in the QPU path: none.
Excluded one-time CPU setup: weight reshape/padding, metadata generation, kernel assembly, buffer allocation.
Actual smul24 stage maxima: input=2, pool1=24, pool2_flat=342, fc1=4579, fc2=22929
QPU setup (excluded): 0.5669 sec
numpy: 0.0501 sec, 0.8171 Gop/s
torch native lenet5: 0.0054 sec, 7.5829 Gop/s
QPU host prep: 0.0000 sec
QPU cached total: 0.0318 sec, 1.2882 Gop/s
QPU execute only: 0.0317 sec, 1.2903 Gop/s
QPU prep+cached total: 0.0318 sec, 1.2882 Gop/s
QPU upload+readback overhead inside cached total: 0.0001 sec
Maximum absolute error: 0.0
QPU execute breakdown:
  conv1 gather             0.012171 sec
  conv1 gemm+bias+relu     0.003684 sec
  pool1 avgpool            0.003749 sec
  conv2 gather             0.009378 sec
  conv2 gemm+bias+relu     0.001431 sec
  pool2 avgpool            0.000499 sec
  fc1 gemm+bias+relu       0.000349 sec
  fc2 gemm+bias+relu       0.000192 sec
  fc3 gemm+bias            0.000139 sec

