$ ./.venv/bin/python examples/tiledlenet5.py
==== LeNet-5 fp32 example ====
Architecture: Conv5x5(1->6) -> ReLU -> AvgPool -> Conv5x5(6->16) -> ReLU -> AvgPool -> Linear(400->120) -> ReLU -> Linear(120->84) -> ReLU -> Linear(84->10)
Batch: 48, num_qpus: 12
QPU steady-state layout: on-device gather lowering -> position-major matrices -> zero-copy flatten -> FC.
Steady-state CPU compute in the QPU path: none.
Excluded one-time CPU setup: weight reshape/padding, metadata generation, kernel assembly, buffer allocation.
QPU setup (excluded): 0.5574 sec
numpy: 0.0181 sec, 2.2594 Gop/s
torch native lenet5: 0.0037 sec, 11.1639 Gop/s
QPU host prep: 0.0000 sec
QPU cached total: 0.0102 sec, 3.9948 Gop/s
QPU execute only: 0.0102 sec, 4.0281 Gop/s
QPU prep+cached total: 0.0102 sec, 3.9948 Gop/s
QPU upload+readback overhead inside cached total: 0.0001 sec
Maximum absolute error: 0.00128173828125
QPU execute breakdown:
  conv1 gather             0.001939 sec
  conv1 gemm+bias+relu     0.003691 sec
  pool1 avgpool            0.000545 sec
  conv2 gather             0.001724 sec
  conv2 gemm+bias+relu     0.001437 sec
  pool2 avgpool            0.000120 sec
  fc1 gemm+bias+relu       0.000354 sec
  fc2 gemm+bias+relu       0.000196 sec
  fc3 gemm+bias            0.000143 sec


==== LeNet-5 int32 example ====
Architecture: Conv5x5(1->6) -> ReLU -> AvgPool -> Conv5x5(6->16) -> ReLU -> AvgPool -> Linear(400->120) -> ReLU -> Linear(120->84) -> ReLU -> Linear(84->10)
Batch: 48, num_qpus: 12
QPU steady-state layout: on-device gather lowering -> position-major matrices -> zero-copy flatten -> FC.
Steady-state CPU compute in the QPU path: none.
Excluded one-time CPU setup: weight reshape/padding, metadata generation, kernel assembly, buffer allocation.
Actual smul24 stage maxima: input=2, pool1=24, pool2_flat=342, fc1=4579, fc2=22929
QPU setup (excluded): 0.5674 sec
numpy: 0.0495 sec, 0.8272 Gop/s
torch native lenet5: 0.0055 sec, 7.4782 Gop/s
QPU host prep: 0.0000 sec
QPU cached total: 0.0102 sec, 4.0076 Gop/s
QPU execute only: 0.0101 sec, 4.0408 Gop/s
QPU prep+cached total: 0.0102 sec, 4.0076 Gop/s
QPU upload+readback overhead inside cached total: 0.0001 sec
Maximum absolute error: 0.0
QPU execute breakdown:
  conv1 gather             0.001899 sec
  conv1 gemm+bias+relu     0.003680 sec
  pool1 avgpool            0.000551 sec
  conv2 gather             0.001746 sec
  conv2 gemm+bias+relu     0.001429 sec
  pool2 avgpool            0.000118 sec
  fc1 gemm+bias+relu       0.000344 sec
  fc2 gemm+bias+relu       0.000188 sec
  fc3 gemm+bias            0.000136 sec

